---
source: compiler-core/src/type_/tests/errors.rs
expression: "import wibble pub record Thing { Thing }\n        pub fn main() {\n            [Thing] == [wibble.Thing]\n        }"
---
error: Type mismatch
  ┌─ /src/one/two.rakun:3:24
  │
3 │             [Thing] == [wibble.Thing]
  │                        ^^^^^^^^^^^^^^

Expected type:

    List<Thing>

Found type:

    List<wibble.Thing>
