---
source: compiler-core/src/type_/tests/errors.rs
expression: "\n        import one\n        import two as one\n        "
---
----- SOURCE CODE
-- one.rakun

            pub fn fn1() { 1 }
            

-- two.rakun

            pub fn fn2() { 1 }
            

-- main.rakun

        import one
        import two as one
        

----- ERROR
error: Duplicate import
  ┌─ /src/one/two.rakun:2:9
  │
2 │         import one
  │         ^^^^^^^^^^ First imported here
3 │         import two as one
  │         ^^^^^^^^^^^^^^^^^ Reimported here

`one` has been imported multiple times.
Names in a Rakun module must be unique so one will need to be renamed.
