---
source: compiler-core/src/type_/tests/errors.rs
expression: "record Boxy { Box(Int) }\nrecord Box { Box(x: Int) }"
---
error: Duplicate definition
  ┌─ /src/one/two.rakun:1:15
  │
1 │ record Boxy { Box(Int) }
  │               ^^^^^^^^ First defined here
2 │ record Box { Box(x: Int) }
  │              ^^^^^^^^^^^ Redefined here

`Box` has been defined multiple times.
Names in a Rakun module must be unique so one will need to be renamed.
