---
source: compiler-core/src/type_/tests/errors.rs
assertion_line: 753
expression: "fn main() { let assert [1, 2, ..x]: List<String> = [1,2,3] x }"
---
----- SOURCE CODE
fn main() { let assert [1, 2, ..x]: List<String> = [1,2,3] x }

----- ERROR
error: Type mismatch
  ┌─ /src/one/two.rakun:1:52
  │
1 │ fn main() { let assert [1, 2, ..x]: List<String> = [1,2,3] x }
  │                                                    ^^^^^^^

Expected type:

    List(String)

Found type:

    List(Int)
