---
source: compiler-core/src/type_/tests/errors.rs
assertion_line: 80
expression: "let x = <<1:signed-unsigned>> x"
---
----- SOURCE CODE
let x = <<1:signed-unsigned>> x

----- ERROR
error: Invalid bit array segment
  ┌─ /src/one/two.rakun:1:20
  │
1 │ let x = <<1:signed-unsigned>> x
  │                    ^^^^^^^^ This is an extra signedness specifier

Hint: This segment already has a signedness of signed.
See: https://tour.rakun.run/data-types/bit-arrays/
