---
source: compiler-core/src/type_/tests/errors.rs
assertion_line: 1341
expression: "let #(a, secondValue) = #(1, 2)"
---
----- SOURCE CODE
let #(a, secondValue) = #(1, 2)

----- ERROR
error: Invalid variable name
  ┌─ /src/one/two.rakun:1:10
  │
1 │ let #(a, secondValue) = #(1, 2)
  │          ^^^^^^^^^^^ This is not a valid variable name

Hint: Variable names start with a lowercase letter and contain a-z, 0-9,
or _.
Try: second_value
