---
source: compiler-core/src/type_/tests/errors.rs
assertion_line: 1708
expression: "record A<a> { A }\ntype B = a"
---
----- SOURCE CODE
record A<a> { A }
type B = a

----- ERROR
error: Unknown type
  ┌─ /src/one/two.rakun:2:10
  │
2 │ type B = a
  │          ^ Did you mean `A`?

The type `a` is not defined or imported in this module.
