---
source: compiler-core/src/type_/tests/warnings.rs
assertion_line: 1371
expression: "\nimport wibble\n\npub fn main() {\n  wibble.Wibble\n  1\n}\n"
---
----- SOURCE CODE

import wibble

pub fn main() {
  wibble.Wibble
  1
}


----- WARNING
warning: Unused value
  ┌─ /src/warning/wrn.rakun:5:9
  │
5 │   wibble.Wibble
  │         ^^^^^^^ This value is never used
