---
source: compiler-core/src/type_/tests/errors.rs
expression: "record IntWrapper { IntWrapper(innerInt: Int) }"
---
----- SOURCE CODE
record IntWrapper { IntWrapper(innerInt: Int) }

----- ERROR
error: Invalid label name
  ┌─ /src/one/two.rakun:1:32
  │
1 │ record IntWrapper { IntWrapper(innerInt: Int) }
  │                                ^^^^^^^^ This is not a valid label name

Hint: Label names start with a lowercase letter and contain a-z, 0-9, or _.
Try: inner_int
