---
source: compiler-core/src/type_/tests/errors.rs
assertion_line: 75
expression: "case <<1>> { <<1:bits-bytes>> -> 1 }"
---
----- SOURCE CODE
case <<1>> { <<1:bits-bytes>> -> 1 }

----- ERROR
error: Invalid bit array segment
  ┌─ /src/one/two.rakun:1:23
  │
1 │ case <<1>> { <<1:bits-bytes>> -> 1 }
  │                       ^^^^^ This is an extra type specifier

Hint: This segment already has the type bits.
See: https://tour.rakun.run/data-types/bit-arrays/
