---
source: compiler-core/src/type_/tests/warnings.rs
assertion_line: 184
expression: "\n        pub record Person {\n            Person(name: String, age: Int)\n        }\n        pub fn update_person() {\n            let past = Person(\"Quinn\", 27)\n            let present = Person(..past, name: \"Quinn\", age: 28)\n            present\n        }"
---
----- SOURCE CODE

        pub record Person {
            Person(name: String, age: Int)
        }
        pub fn update_person() {
            let past = Person("Quinn", 27)
            let present = Person(..past, name: "Quinn", age: 28)
            present
        }

----- WARNING
warning: Redundant record update
  ┌─ /src/warning/wrn.rakun:7:27
  │
7 │             let present = Person(..past, name: "Quinn", age: 28)
  │                           ^^^^^^^^^^^^^^^^^^^^^^^^^^^^^^^^^^^^^^ This record update specifies all fields

Hint: It is better style to use the record creation syntax.
