---
source: compiler-core/src/type_/tests/errors.rs
assertion_line: 1092
expression: "record Boxy { Box(Int) Box(Float) }"
---
----- SOURCE CODE
record Boxy { Box(Int) Box(Float) }

----- ERROR
error: Duplicate definition
  ┌─ /src/one/two.rakun:1:15
  │
1 │ record Boxy { Box(Int) Box(Float) }
  │               ^^^^^^^^ ^^^^^^^^^^ Redefined here
  │               │         
  │               First defined here

`Box` has been defined multiple times.
Names in a Rakun module must be unique so one will need to be renamed.
