---
source: compiler-core/src/type_/tests/warnings.rs
expression: "pub const string = \"wibble\" ++ \"wobble\""
---
warning: Incompatible rakun version range
  ┌─ /src/warning/wrn.rakun:1:20
  │
1 │ pub const string = "wibble" ++ "wobble"
  │                    ^^^^^^^^^^^^^^^^^^^^ This requires a Rakun version >= 1.4.0

Constant strings concatenation was introduced in version v1.4.0. But the
Rakun version range specified in your `rakun.toml` would allow this code to
run on an earlier version like v1.0.0, resulting in compilation errors!
Hint: Remove the version constraint from your `rakun.toml` or update it to be:

    rakun = ">= 1.4.0"
