---
source: compiler-core/src/type_/tests/warnings.rs
assertion_line: 831
expression: "\nimport module.{a}\n\npub fn b() {\n  a\n}\n"
---
----- SOURCE CODE

import module.{a}

pub fn b() {
  a
}


----- WARNING
warning: Deprecated value used
  ┌─ /src/warning/wrn.rakun:5:3
  │
5 │   a
  │   ^ This value has been deprecated

It was deprecated with this message: Don't use this!
