---
source: compiler-core/src/type_/tests/type_alias.rs
expression: "import wibble.{type Wobble} type Wobble = Int"
---
----- SOURCE CODE
-- wibble.rakun
pub type Wobble = String

-- main.rakun
import wibble.{type Wobble} type Wobble = Int

----- ERROR
error: Duplicate type definition
  ┌─ /src/one/two.rakun:1:16
  │
1 │ import wibble.{type Wobble} type Wobble = Int
  │                ^^^^^^^^^^^  ^^^^^^^^^^^^^^^^^ Redefined here
  │                │             
  │                First defined here

The type `Wobble` has been defined multiple times.
Names in a Rakun module must be unique so one will need to be renamed.
