---
source: compiler-core/src/language_server/tests/action.rs
assertion_line: 1912
expression: "\npub type Result\n\npub fn main() {\n  let value = Ok(12)\n}\n"
---
----- BEFORE ACTION

pub type Result

pub fn main() {
  let value = Ok(12)
  ▔▔▔▔▔▔▔▔▔▔↑       
}


----- AFTER ACTION

pub type Result

pub fn main() {
  let value: rakun.Result(Int, a) = Ok(12)
}
