---
source: compiler-core/src/language_server/tests/action.rs
assertion_line: 1324
expression: "\nimport rakun/io\n\npub fn main() {\n  i.println(\"Hello, world!\")\n}\n"
---
----- BEFORE ACTION

import rakun/io

pub fn main() {
  i.println("Hello, world!")
  ▔▔↑                       
}


----- AFTER ACTION

import rakun/io

pub fn main() {
  io.println("Hello, world!")
}
