---
source: compiler-core/src/language_server/tests/definition.rs
assertion_line: 459
expression: output
---
----- Jumping from `src/app.rakun`

import example_module
fn make_var() -> example_module.Rec {
                                ↑    
  example_module.Var1(1)
}

----- Jumped to `build/packages/hex/src/example_module.rakun`

pub record Rec {
↑▔▔▔▔▔▔▔▔▔▔▔▔▔  
  Var1(Int)
  Var2(Int, Int)
}
