---
source: compiler-core/src/language_server/tests/action.rs
assertion_line: 398
expression: "record IntWrapper { IntWrapper(innerInt: Int) }"
---
----- BEFORE ACTION
record IntWrapper { IntWrapper(innerInt: Int) }
                    ▔▔▔▔▔▔▔▔▔▔▔▔▔▔▔▔▔▔▔↑       


----- AFTER ACTION
record IntWrapper { IntWrapper(inner_int: Int) }
