---
source: compiler-core/src/language_server/tests/hover.rs
assertion_line: 864
expression: "\nimport wibble/wobble\ntype Local = wobble.Wibble\nconst value = wobble.Wobble\n"
---
import wibble/wobble
type Local = wobble.Wibble
const value = wobble.Wobble
▔▔▔▔▔▔↑▔▔▔▔                


----- Hover content -----
Scalar(
    String(
        "```rakun\nLocal\n```\n",
    ),
)
