---
source: compiler-core/src/parse/tests.rs
assertion_line: 1112
expression: "\nfn f(a, \"b\") -> String {\n    a ++ b\n}\n"
---
----- SOURCE CODE

fn f(a, "b") -> String {
    a ++ b
}


----- ERROR
error: Syntax error
  ┌─ /src/parse/error.rakun:2:9
  │
2 │ fn f(a, "b") -> String {
  │         ^^^ I was not expecting this

Found a String, expected one of: 
- `)`
- a function parameter
