---
source: compiler-core/src/parse/tests.rs
assertion_line: 1546
expression: "\npub fn main() {\n   let id = \"unique-id\"\n\n   <div id={id} class=\"container\">\n       Content here\n   </div>\n}\n"
---
Parsed {
    module: Module {
        name: "",
        documentation: [],
        type_info: (),
        definitions: [
            TargetedDefinition {
                definition: Function(
                    Function {
                        location: SrcSpan {
                            start: 1,
                            end: 14,
                        },
                        end_position: 108,
                        name: Some(
                            (
                                SrcSpan {
                                    start: 8,
                                    end: 12,
                                },
                                "main",
                            ),
                        ),
                        arguments: [],
                        body: [
                            Assignment(
                                Assignment {
                                    location: SrcSpan {
                                        start: 20,
                                        end: 40,
                                    },
                                    value: String {
                                        location: SrcSpan {
                                            start: 29,
                                            end: 40,
                                        },
                                        value: "unique-id",
                                    },
                                    pattern: Variable {
                                        location: SrcSpan {
                                            start: 24,
                                            end: 26,
                                        },
                                        name: "id",
                                        type_: (),
                                    },
                                    kind: Let,
                                    annotation: None,
                                },
                            ),
                            Expression(
                                Html {
                                    location: SrcSpan {
                                        start: 45,
                                        end: 106,
                                    },
                                    tag: None,
                                    body: [
                                        HtmlText {
                                            location: SrcSpan {
                                                start: 76,
                                                end: 100,
                                            },
                                            value: "\n       Content here\n   ",
                                        },
                                    ],
                                    arguments: [
                                        HtmlTagAttr {
                                            attr: "id",
                                            location: SrcSpan {
                                                start: 50,
                                                end: 57,
                                            },
                                            value: Some(
                                                Var {
                                                    location: SrcSpan {
                                                        start: 54,
                                                        end: 56,
                                                    },
                                                    name: "id",
                                                },
                                            ),
                                        },
                                        HtmlTagAttr {
                                            attr: "class",
                                            location: SrcSpan {
                                                start: 58,
                                                end: 75,
                                            },
                                            value: Some(
                                                String {
                                                    location: SrcSpan {
                                                        start: 64,
                                                        end: 75,
                                                    },
                                                    value: "container",
                                                },
                                            ),
                                        },
                                    ],
                                },
                            ),
                        ],
                        publicity: Public,
                        deprecation: NotDeprecated,
                        return_annotation: None,
                        return_type: (),
                        documentation: None,
                        external_erlang: None,
                        external_javascript: None,
                        implementations: Implementations {
                            rakun: true,
                            can_run_on_erlang: true,
                            can_run_on_javascript: true,
                            uses_erlang_externals: false,
                            uses_javascript_externals: false,
                        },
                    },
                ),
                target: None,
            },
        ],
    },
    extra: ModuleExtra {
        module_comments: [],
        doc_comments: [],
        comments: [],
        empty_lines: [
            41,
        ],
        new_lines: [
            0,
            16,
            40,
            41,
            106,
            108,
        ],
    },
}
