---
source: compiler-core/src/parse/tests.rs
assertion_line: 1236
expression: "\nlet my_string = \"hello\"\ncase my_string {\n    _ if length(my_string) > 2 -> io.debug(\"doesn't work')\n}"
---
----- SOURCE CODE

let my_string = "hello"
case my_string {
    _ if length(my_string) > 2 -> io.debug("doesn't work')
}

----- ERROR
error: Syntax error
  ┌─ /src/parse/error.rakun:4:10
  │
4 │     _ if length(my_string) > 2 -> io.debug("doesn't work')
  │          ^^^^^^^^^^^^^^^^^ Unsupported expression

Functions cannot be called in clause guards.
