---
source: compiler-core/src/parse/tests.rs
assertion_line: 1033
expression: "\npub record User {\n    name: String,\n}\n"
---
----- SOURCE CODE

pub record User {
    name: String,
}


----- ERROR
error: Syntax error
  ┌─ /src/parse/error.rakun:3:5
  │
3 │     name: String,
  │     ^^^^ I was not expecting this

Each custom type variant must have a constructor:

pub type User {
  User(
    name: String,
  )
}
