---
source: compiler-core/src/parse/tests.rs
expression: "\nrecord A {\n    A(type: String)\n}\n"
---
----- SOURCE CODE

record A {
    A(type: String)
}


----- ERROR
error: Syntax error
  ┌─ /src/parse/error.rakun:3:7
  │
3 │     A(type: String)
  │       ^^^^ I was not expecting this

Found the keyword `type`, expected one of: 
- `)`
- a constructor argument name
