---
source: compiler-core/src/parse/tests.rs
assertion_line: 867
expression: "\n@internal\nconst wibble = 1\n"
---
----- SOURCE CODE

@internal
const wibble = 1


----- ERROR
error: Syntax error
  ┌─ /src/parse/error.rakun:2:1
  │
2 │ @internal
  │ ^^^^^^^^^ Redundant internal attribute

Only a public definition can be annotated as internal.
Hint: remove the `@internal` annotation.
