---
source: compiler-core/src/javascript/tests/consts.rs
assertion_line: 16
expression: "import rakun.{Ok as Y}\n\npub record X {\n  Ok\n}\n\npub const y = Y\n"
---
import * as $rakun from "../rakun.mjs";
import { Ok as Y, CustomType as $CustomType } from "../rakun.mjs";

export class Ok extends $CustomType {}

export const y = (var0) => { return new Y(var0); };
