---
source: compiler-core/src/javascript/tests/lists.rs
expression: "\nfn go(func) {\n  let huuuuuuuuuuuuuuuuuuuuuuuuuuuuuuuuuuuuuuuuuuuuuuuuuuuuuuuuuuuuuuuuuuuuuge_variable = []\n}\n"
---
import { toList } from "../rakun.mjs";

function go(func) {
  let huuuuuuuuuuuuuuuuuuuuuuuuuuuuuuuuuuuuuuuuuuuuuuuuuuuuuuuuuuuuuuuuuuuuuge_variable = toList([]);
  return huuuuuuuuuuuuuuuuuuuuuuuuuuuuuuuuuuuuuuuuuuuuuuuuuuuuuuuuuuuuuuuuuuuuuge_variable;
}
