---
source: compiler-core/src/javascript/tests/custom_types.rs
expression: "\nrecord Mine {\n    This\n    ThatOneIsAMuchMuchMuchMuchMuchMuchMuchMuchMuchMuchMuchMuchLongerVariant\n}\n\nfn go() {\n    This\n    ThatOneIsAMuchMuchMuchMuchMuchMuchMuchMuchMuchMuchMuchMuchLongerVariant\n}\n"
---
import { CustomType as $CustomType } from "../rakun.mjs";

class This extends $CustomType {}

class ThatOneIsAMuchMuchMuchMuchMuchMuchMuchMuchMuchMuchMuchMuchLongerVariant extends $CustomType {}

function go() {
  new This();
  return new ThatOneIsAMuchMuchMuchMuchMuchMuchMuchMuchMuchMuchMuchMuchLongerVariant();
}
